---
http_interactions:
- request:
    method: get
    uri: https://api.hubapi.com/crm/v3/objects/Contact/1?archived=false&properties=hs_object_id,createdate,lastmodifieddate,firstname,lastname,email,phone,lifecyclestage,hs_lead_status,associatedcompanyid,platform_id,platform_url
    body:
      encoding: US-ASCII
      string: ''
    headers:
      User-Agent:
      - hubspot-api-client-ruby; 17.2.0
      Content-Type:
      - application/json
      Accept:
      - application/json
      Authorization:
      - Bearer pat-na1-37abbdbc-3957-44e6-b6eb-ec1ae1099e66
      Expect:
      - ''
  response:
    status:
      code: 200
      message: ''
    headers:
      Date:
      - Tue, 20 Feb 2024 12:19:32 GMT
      Content-Type:
      - application/json;charset=utf-8
      Cf-Ray:
      - 8586b2cc6e450b69-OSL
      Cf-Cache-Status:
      - DYNAMIC
      Strict-Transport-Security:
      - max-age=31536000; includeSubDomains; preload
      Vary:
      - origin
      Access-Control-Allow-Credentials:
      - 'false'
      X-Content-Type-Options:
      - nosniff
      X-Envoy-Upstream-Service-Time:
      - '46'
      X-Evy-Trace-Listener:
      - listener_https
      X-Evy-Trace-Route-Configuration:
      - listener_https/all
      X-Evy-Trace-Route-Service-Name:
      - envoyset-translator
      X-Evy-Trace-Served-By-Pod:
      - iad02/hubapi-td/envoy-proxy-f7f4ffb8f-pxpfs
      X-Evy-Trace-Virtual-Host:
      - all
      X-Hubspot-Correlation-Id:
      - 2806dfc8-e55d-415e-a2a7-25b718f1f930
      X-Hubspot-Ratelimit-Daily:
      - '500000'
      X-Hubspot-Ratelimit-Daily-Remaining:
      - '499998'
      X-Hubspot-Ratelimit-Interval-Milliseconds:
      - '10000'
      X-Hubspot-Ratelimit-Max:
      - '150'
      X-Hubspot-Ratelimit-Remaining:
      - '149'
      X-Hubspot-Ratelimit-Secondly:
      - '15'
      X-Hubspot-Ratelimit-Secondly-Remaining:
      - '14'
      X-Request-Id:
      - 2806dfc8-e55d-415e-a2a7-25b718f1f930
      X-Trace:
      - 2B98B43CC2B6690213920241E9CA5A57AE3618898C000000000000000000
      Report-To:
      - '{"endpoints":[{"url":"https:\/\/a.nel.cloudflare.com\/report\/v3?s=d63XzBZj3d4lG6DVUZjR0O9kgxnMlaWhqehvfcQMk7WILVY8%2FTtsMcp7AKhv29VA8aQ95G7lh5QtJoAFxxVUtjBzeuYHJYBCxADT%2BBC49pH8%2BTAuP9F3y4TX35r4H3TK"}],"group":"cf-nel","max_age":604800}'
      Nel:
      - '{"success_fraction":0.01,"report_to":"cf-nel","max_age":604800}'
      Server:
      - cloudflare
    body:
      encoding: ASCII-8BIT
      string: '{"id":"1","properties":{"associatedcompanyid":"9406789183","createdate":"2021-02-02T20:06:14.733Z","email":"emailmaria@hubspot.com","firstname":"Maria
        Updated","hs_lead_status":"NEW","hs_object_id":"1","lastmodifieddate":"2024-02-20T12:11:27.497Z","lastname":"Johnson
        (Sample Contact)","lifecyclestage":"opportunity","phone":null,"platform_id":"this-is-a-test-platform-id"},"createdAt":"2021-02-02T20:06:14.733Z","updatedAt":"2024-02-20T12:11:27.497Z","archived":false}'
  recorded_at: Tue, 20 Feb 2024 12:19:32 GMT
- request:
    method: get
    uri: https://api.hubapi.com/crm/v3/objects/Company/19019092085?archived=false&properties=hs_object_id,createdate,lastmodifieddate,name,domain,lifecyclestage,hs_lead_status,platform_id,platform_url,platform_last_activity_date,platform_industry,platform_business_activity,organisation_number
    body:
      encoding: US-ASCII
      string: ''
    headers:
      User-Agent:
      - hubspot-api-client-ruby; 17.2.0
      Content-Type:
      - application/json
      Accept:
      - application/json
      Authorization:
      - Bearer pat-na1-37abbdbc-3957-44e6-b6eb-ec1ae1099e66
      Expect:
      - ''
  response:
    status:
      code: 200
      message: ''
    headers:
      Date:
      - Tue, 20 Feb 2024 12:19:32 GMT
      Content-Type:
      - application/json;charset=utf-8
      Cf-Ray:
      - 8586b2cdffa20b69-OSL
      Cf-Cache-Status:
      - DYNAMIC
      Strict-Transport-Security:
      - max-age=31536000; includeSubDomains; preload
      Vary:
      - origin
      Access-Control-Allow-Credentials:
      - 'false'
      X-Content-Type-Options:
      - nosniff
      X-Envoy-Upstream-Service-Time:
      - '43'
      X-Evy-Trace-Listener:
      - listener_https
      X-Evy-Trace-Route-Configuration:
      - listener_https/all
      X-Evy-Trace-Route-Service-Name:
      - envoyset-translator
      X-Evy-Trace-Served-By-Pod:
      - iad02/hubapi-td/envoy-proxy-f7f4ffb8f-9ch42
      X-Evy-Trace-Virtual-Host:
      - all
      X-Hubspot-Correlation-Id:
      - 52a8381d-6b4d-4b7c-869d-1283397ceeda
      X-Hubspot-Ratelimit-Daily:
      - '500000'
      X-Hubspot-Ratelimit-Daily-Remaining:
      - '499997'
      X-Hubspot-Ratelimit-Interval-Milliseconds:
      - '10000'
      X-Hubspot-Ratelimit-Max:
      - '150'
      X-Hubspot-Ratelimit-Remaining:
      - '148'
      X-Hubspot-Ratelimit-Secondly:
      - '15'
      X-Hubspot-Ratelimit-Secondly-Remaining:
      - '14'
      X-Request-Id:
      - 52a8381d-6b4d-4b7c-869d-1283397ceeda
      X-Trace:
      - 2BA43EF0DCA5F557DAA741C677402DEC64B50A6B8E000000000000000000
      Report-To:
      - '{"endpoints":[{"url":"https:\/\/a.nel.cloudflare.com\/report\/v3?s=vwM1qeL%2BiXp1LN1jaTPt1Ajlhwqx2sNNf%2B7LEg%2Bxu2BYJI7OSfcC5r4JhumkgyvEMk2mhGwpUl3XyE3Bdy8tkwIS%2FuRg%2B%2Byu0kg3uqBffmMi48S0HyluqyJ2Yw9g6Krl"}],"group":"cf-nel","max_age":604800}'
      Nel:
      - '{"success_fraction":0.01,"report_to":"cf-nel","max_age":604800}'
      Server:
      - cloudflare
    body:
      encoding: ASCII-8BIT
      string: '{"id":"19019092085","properties":{"createdate":"2024-02-08T09:40:02.478Z","domain":"test.skiwo.com","hs_lastmodifieddate":"2024-02-20T12:11:30.278Z","hs_lead_status":null,"hs_object_id":"19019092085","lifecyclestage":"opportunity","name":"Skiwo
        Sample Company Updated","platform_id":"test-platform-id"},"createdAt":"2024-02-08T09:40:02.478Z","updatedAt":"2024-02-20T12:11:30.278Z","archived":false}'
  recorded_at: Tue, 20 Feb 2024 12:19:32 GMT
- request:
    method: post
    uri: https://api.hubapi.com/crm/v3/objects/Deal
    body:
      encoding: UTF-8
      string: '{"properties":{"dealname":"Test Deal via API","amount":"1000.00","pipeline":"3954956","dealstage":"13253661","hubspot_owner_id":"609225610"},"associations":[{"to":{"id":"1"},"types":[{"associationCategory":"HUBSPOT_DEFINED","associationTypeId":3}]},{"to":{"id":"19019092085"},"types":[{"associationCategory":"HUBSPOT_DEFINED","associationTypeId":341}]}]}'
    headers:
      User-Agent:
      - hubspot-api-client-ruby; 17.2.0
      Content-Type:
      - application/json
      Accept:
      - application/json
      Authorization:
      - Bearer pat-na1-37abbdbc-3957-44e6-b6eb-ec1ae1099e66
      Expect:
      - ''
  response:
    status:
      code: 201
      message: ''
    headers:
      Date:
      - Tue, 20 Feb 2024 12:19:38 GMT
      Content-Type:
      - application/json;charset=utf-8
      Location:
      - https://api.hubapi.com/crm/v3/objects/Deal/17632643995
      Cf-Ray:
      - 8586b2f60ab30b69-OSL
      Cf-Cache-Status:
      - DYNAMIC
      Strict-Transport-Security:
      - max-age=31536000; includeSubDomains; preload
      Vary:
      - origin
      Access-Control-Allow-Credentials:
      - 'false'
      X-Content-Type-Options:
      - nosniff
      X-Envoy-Upstream-Service-Time:
      - '297'
      X-Evy-Trace-Listener:
      - listener_https
      X-Evy-Trace-Route-Configuration:
      - listener_https/all
      X-Evy-Trace-Route-Service-Name:
      - envoyset-translator
      X-Evy-Trace-Served-By-Pod:
      - iad02/hubapi-td/envoy-proxy-f7f4ffb8f-p5wnm
      X-Evy-Trace-Virtual-Host:
      - all
      X-Hubspot-Correlation-Id:
      - 6dc361da-85a3-49e2-96cd-452d0d0637a8
      X-Hubspot-Ratelimit-Daily:
      - '500000'
      X-Hubspot-Ratelimit-Daily-Remaining:
      - '499996'
      X-Hubspot-Ratelimit-Interval-Milliseconds:
      - '10000'
      X-Hubspot-Ratelimit-Max:
      - '150'
      X-Hubspot-Ratelimit-Remaining:
      - '147'
      X-Hubspot-Ratelimit-Secondly:
      - '15'
      X-Hubspot-Ratelimit-Secondly-Remaining:
      - '14'
      X-Request-Id:
      - 6dc361da-85a3-49e2-96cd-452d0d0637a8
      X-Trace:
      - 2B9872D3BA5731FD0F31D491E258FBF8B2541C6FC5000000000000000000
      Report-To:
      - '{"endpoints":[{"url":"https:\/\/a.nel.cloudflare.com\/report\/v3?s=MiHGxzBgFQGQHLVSQ%2FKW795i4%2F3zOMQ4K8BItZv3w384JRGmF1mDVxV9dVdUIGa9jjsQ%2BfUMNDtJdgfBuAgAG3oJjAn8XufAXMw%2FRI33l4JpnO4jrdjtzLAQqQn%2BxlGF"}],"group":"cf-nel","max_age":604800}'
      Nel:
      - '{"success_fraction":0.01,"report_to":"cf-nel","max_age":604800}'
      Server:
      - cloudflare
    body:
      encoding: ASCII-8BIT
      string: '{"id":"17632643995","properties":{"amount":"1000.00","amount_in_home_currency":"1000.00","createdate":"2024-02-20T12:19:38.688Z","days_to_close":"0","dealname":"Test
        Deal via API","dealstage":"13253661","hs_all_owner_ids":"609225610","hs_closed_amount":"0","hs_closed_amount_in_home_currency":"0","hs_closed_won_count":"0","hs_createdate":"2024-02-20T12:19:38.688Z","hs_days_to_close_raw":"0","hs_deal_stage_probability_shadow":"0.1000000000000000055511151231257827021181583404541015625","hs_forecast_amount":"1000.00","hs_is_active_shared_deal":"false","hs_is_closed":"false","hs_is_closed_won":"false","hs_is_deal_split":"false","hs_is_open_count":"1","hs_lastmodifieddate":"2024-02-20T12:19:38.688Z","hs_object_id":"17632643995","hs_object_source":"INTEGRATION","hs_object_source_id":"2448769","hs_object_source_label":"INTEGRATION","hs_projected_amount":"0","hs_projected_amount_in_home_currency":"0","hs_user_ids_of_all_owners":"61794894","hubspot_owner_assigneddate":"2024-02-20T12:19:38.688Z","hubspot_owner_id":"609225610","pipeline":"3954956"},"createdAt":"2024-02-20T12:19:38.688Z","updatedAt":"2024-02-20T12:19:38.688Z","archived":false}'
  recorded_at: Tue, 20 Feb 2024 12:19:39 GMT
recorded_with: VCR 6.2.0
