---
http_interactions:
- request:
    method: get
    uri: https://api.hubapi.com/crm/v3/objects/Deal/17299561784?archived=false&properties=hs_object_id,createdate,lastmodifieddate,dealname,amount,pipeline,closedate,dealstage,hubspot_owner_id
    body:
      encoding: US-ASCII
      string: ''
    headers:
      User-Agent:
      - hubspot-api-client-ruby; 17.2.0
      Content-Type:
      - application/json
      Accept:
      - application/json
      Authorization:
      - Bearer pat-na1-37abbdbc-3957-44e6-b6eb-ec1ae1099e66
      Expect:
      - ''
  response:
    status:
      code: 200
      message: ''
    headers:
      Date:
      - Thu, 15 Feb 2024 09:13:06 GMT
      Content-Type:
      - application/json;charset=utf-8
      Cf-Ray:
      - 855c6ed3dc505688-OSL
      Cf-Cache-Status:
      - DYNAMIC
      Strict-Transport-Security:
      - max-age=31536000; includeSubDomains; preload
      Vary:
      - origin
      Access-Control-Allow-Credentials:
      - 'false'
      X-Content-Type-Options:
      - nosniff
      X-Envoy-Upstream-Service-Time:
      - '102'
      X-Evy-Trace-Listener:
      - listener_https
      X-Evy-Trace-Route-Configuration:
      - listener_https/all
      X-Evy-Trace-Route-Service-Name:
      - envoyset-translator
      X-Evy-Trace-Served-By-Pod:
      - iad02/hubapi-td/envoy-proxy-f7f4ffb8f-c7v6d
      X-Evy-Trace-Virtual-Host:
      - all
      X-Hubspot-Correlation-Id:
      - 88ca5614-0f5f-4ea4-a6a0-0e4d51d85077
      X-Hubspot-Ratelimit-Daily:
      - '500000'
      X-Hubspot-Ratelimit-Daily-Remaining:
      - '499939'
      X-Hubspot-Ratelimit-Interval-Milliseconds:
      - '10000'
      X-Hubspot-Ratelimit-Max:
      - '150'
      X-Hubspot-Ratelimit-Remaining:
      - '148'
      X-Hubspot-Ratelimit-Secondly:
      - '15'
      X-Hubspot-Ratelimit-Secondly-Remaining:
      - '14'
      X-Request-Id:
      - 88ca5614-0f5f-4ea4-a6a0-0e4d51d85077
      X-Trace:
      - 2B772604CD7F83ACF958D420D25059DBD305D9168D000000000000000000
      Report-To:
      - '{"endpoints":[{"url":"https:\/\/a.nel.cloudflare.com\/report\/v3?s=d4u6MLR8s8CpMIccZ%2B79ITmn9TgjWtoI33BItDQloP1qjPhAqTVpN5qSRGFZSIFHXUFaT%2FYZchnO9Qsl773Laj2cdGFwU0J5Zgb7kKF7xrC%2Fg9VNmrK11f9QN2FnBxvO"}],"group":"cf-nel","max_age":604800}'
      Nel:
      - '{"success_fraction":0.01,"report_to":"cf-nel","max_age":604800}'
      Server:
      - cloudflare
    body:
      encoding: ASCII-8BIT
      string: '{"id":"17299561784","properties":{"amount":"12450","closedate":null,"createdate":"2024-02-01T16:36:06.506Z","dealname":"Torridal
        Idrettslag - Pro Idrett - bestilling","dealstage":"7035220","hs_lastmodifieddate":"2024-02-15T08:54:19.100Z","hs_object_id":"17299561784","hubspot_owner_id":"82483371","pipeline":"2016162"},"createdAt":"2024-02-01T16:36:06.506Z","updatedAt":"2024-02-15T08:54:19.100Z","archived":false}'
  recorded_at: Thu, 15 Feb 2024 09:13:06 GMT
- request:
    method: post
    uri: https://api.hubapi.com/crm/v4/associations/Deal/Company/batch/read
    body:
      encoding: UTF-8
      string: '{"inputs":[{"id":"17299561784"}]}'
    headers:
      User-Agent:
      - hubspot-api-client-ruby; 17.2.0
      Content-Type:
      - application/json
      Accept:
      - application/json
      Authorization:
      - Bearer pat-na1-37abbdbc-3957-44e6-b6eb-ec1ae1099e66
      Expect:
      - ''
  response:
    status:
      code: 200
      message: ''
    headers:
      Date:
      - Thu, 15 Feb 2024 09:13:06 GMT
      Content-Type:
      - application/json;charset=utf-8
      Cf-Ray:
      - 855c6ed5be2c5688-OSL
      Cf-Cache-Status:
      - DYNAMIC
      Strict-Transport-Security:
      - max-age=31536000; includeSubDomains; preload
      Vary:
      - origin
      Access-Control-Allow-Credentials:
      - 'false'
      X-Content-Type-Options:
      - nosniff
      X-Envoy-Upstream-Service-Time:
      - '23'
      X-Evy-Trace-Listener:
      - listener_https
      X-Evy-Trace-Route-Configuration:
      - listener_https/all
      X-Evy-Trace-Route-Service-Name:
      - envoyset-translator
      X-Evy-Trace-Served-By-Pod:
      - iad02/hubapi-td/envoy-proxy-f7f4ffb8f-9ch42
      X-Evy-Trace-Virtual-Host:
      - all
      X-Hubspot-Correlation-Id:
      - 88b3752d-5137-47c9-9a67-75c3e3a26e89
      X-Hubspot-Ratelimit-Daily:
      - '500000'
      X-Hubspot-Ratelimit-Daily-Remaining:
      - '499938'
      X-Hubspot-Ratelimit-Interval-Milliseconds:
      - '10000'
      X-Hubspot-Ratelimit-Max:
      - '150'
      X-Hubspot-Ratelimit-Remaining:
      - '147'
      X-Hubspot-Ratelimit-Secondly:
      - '15'
      X-Hubspot-Ratelimit-Secondly-Remaining:
      - '14'
      X-Request-Id:
      - 88b3752d-5137-47c9-9a67-75c3e3a26e89
      X-Trace:
      - 2B83D652E981200E62683D665869002C919A0D5E5C000000000000000000
      Report-To:
      - '{"endpoints":[{"url":"https:\/\/a.nel.cloudflare.com\/report\/v3?s=ExbH3Vh77ZsI4NXWiLpAdc038xoWYEUaNXYesCHhhimkAeiHPrMTs9I%2BVdMKDn6f9z6HGmt%2FsVCfq8SXXSPeaH2yt%2FS46YdQ3qpZe5ebgT6kWx4NmE8VJ3xV%2FEfZhZ1x"}],"group":"cf-nel","max_age":604800}'
      Nel:
      - '{"success_fraction":0.01,"report_to":"cf-nel","max_age":604800}'
      Server:
      - cloudflare
    body:
      encoding: ASCII-8BIT
      string: '{"status":"COMPLETE","results":[{"from":{"id":"17299561784"},"to":[{"toObjectId":8903003974,"associationTypes":[{"category":"HUBSPOT_DEFINED","typeId":5,"label":"Primary"},{"category":"HUBSPOT_DEFINED","typeId":341,"label":null}]}]}],"startedAt":"2024-02-15T09:13:06.269Z","completedAt":"2024-02-15T09:13:06.279Z"}'
  recorded_at: Thu, 15 Feb 2024 09:13:06 GMT
- request:
    method: get
    uri: https://api.hubapi.com/crm/v3/objects/Company/8903003974?archived=false&properties=hs_object_id,createdate,lastmodifieddate,name,domain,lifecyclestage,hs_lead_status,platform_id,platform_url,platform_last_activity_date,platform_industry,platform_business_activity,org_id
    body:
      encoding: US-ASCII
      string: ''
    headers:
      User-Agent:
      - hubspot-api-client-ruby; 17.2.0
      Content-Type:
      - application/json
      Accept:
      - application/json
      Authorization:
      - Bearer pat-na1-37abbdbc-3957-44e6-b6eb-ec1ae1099e66
      Expect:
      - ''
  response:
    status:
      code: 200
      message: ''
    headers:
      Date:
      - Thu, 15 Feb 2024 09:13:06 GMT
      Content-Type:
      - application/json;charset=utf-8
      Cf-Ray:
      - 855c6ed76fd55688-OSL
      Cf-Cache-Status:
      - DYNAMIC
      Strict-Transport-Security:
      - max-age=31536000; includeSubDomains; preload
      Vary:
      - origin
      Access-Control-Allow-Credentials:
      - 'false'
      X-Content-Type-Options:
      - nosniff
      X-Envoy-Upstream-Service-Time:
      - '50'
      X-Evy-Trace-Listener:
      - listener_https
      X-Evy-Trace-Route-Configuration:
      - listener_https/all
      X-Evy-Trace-Route-Service-Name:
      - envoyset-translator
      X-Evy-Trace-Served-By-Pod:
      - iad02/hubapi-td/envoy-proxy-f7f4ffb8f-q27s2
      X-Evy-Trace-Virtual-Host:
      - all
      X-Hubspot-Correlation-Id:
      - 1d1ef26c-8955-4886-84df-f009466e6194
      X-Hubspot-Ratelimit-Daily:
      - '500000'
      X-Hubspot-Ratelimit-Daily-Remaining:
      - '499937'
      X-Hubspot-Ratelimit-Interval-Milliseconds:
      - '10000'
      X-Hubspot-Ratelimit-Max:
      - '150'
      X-Hubspot-Ratelimit-Remaining:
      - '146'
      X-Hubspot-Ratelimit-Secondly:
      - '15'
      X-Hubspot-Ratelimit-Secondly-Remaining:
      - '14'
      X-Request-Id:
      - 1d1ef26c-8955-4886-84df-f009466e6194
      X-Trace:
      - 2B93949354062C77C8AF750751AD6F9B6B534CD778000000000000000000
      Report-To:
      - '{"endpoints":[{"url":"https:\/\/a.nel.cloudflare.com\/report\/v3?s=PpfGMy8VR6XJr9aQJv4DfW5wfcDja9BkBtEPMmlBjUfwJudTeq2BA%2F2LBjKwso9YVzSoyw02YtvfgzSp4P5scMuZU9tzoEkKYuPODiHaXy2M75UDxQNNsc29TyBWX1iR"}],"group":"cf-nel","max_age":604800}'
      Nel:
      - '{"success_fraction":0.01,"report_to":"cf-nel","max_age":604800}'
      Server:
      - cloudflare
    body:
      encoding: ASCII-8BIT
      string: '{"id":"8903003974","properties":{"createdate":"2022-06-13T12:52:24.288Z","domain":null,"hs_lastmodifieddate":"2024-02-14T14:28:31.910Z","hs_lead_status":null,"hs_object_id":"8903003974","lifecyclestage":"customer","name":"Torridal
        Idrettslag","org_id":null,"platform_id":null},"createdAt":"2022-06-13T12:52:24.288Z","updatedAt":"2024-02-14T14:28:31.910Z","archived":false}'
  recorded_at: Thu, 15 Feb 2024 09:13:06 GMT
recorded_with: VCR 6.2.0
